[2026-02-23 04:11:49] First run detected — defaulting window to last 5 minutes.
[2026-02-23 04:11:49] === Aggregation started | window: 04:06:48 → 04:11:48 ===
[2026-02-23 04:11:49] ○ [temperature] No valid readings in window — skipping
[2026-02-23 04:11:49] ○ [humidity] No valid readings in window — skipping
[2026-02-23 04:11:49] ○ [gas] No valid readings in window — skipping
[2026-02-23 04:11:49] ○ [ph] No valid readings in window — skipping
[2026-02-23 04:11:49] ○ [weight] No valid readings in window — skipping
[2026-02-23 04:12:01] 🗑  [temperature] Deleted 210 old raw entries (>24h)
[2026-02-23 04:12:12] 🗑  [humidity] Deleted 209 old raw entries (>24h)
[2026-02-23 04:12:24] 🗑  [gas] Deleted 209 old raw entries (>24h)
[2026-02-23 04:12:35] 🗑  [ph] Deleted 208 old raw entries (>24h)
[2026-02-23 04:12:46] 🗑  [weight] Deleted 208 old raw entries (>24h)
[2026-02-23 04:12:47] === Aggregation complete ===

[2026-02-25 06:26:52] Resuming from last run. Gap covered: 3015 minutes.
[2026-02-25 06:26:52] WARNING: Gap > 2 hours. Capping window to prevent timeout.
[2026-02-25 06:26:52] === Aggregation started | window: 2026-02-25 04:26:51 → 2026-02-25 06:26:51 ===
[2026-02-25 06:26:52] ✓ [temperature] 11 readings | avg=32.64  min=25  max=34.09
[2026-02-25 06:26:52] ✓ [humidity] 19 readings | avg=60.28  min=50  max=63.12
[2026-02-25 06:26:53] ✓ [gas] 23 readings | avg=33.45  min=0  max=69.86
[2026-02-25 06:26:53] ✓ [ph] 43 readings | avg=7.93  min=7  max=9
[2026-02-25 06:26:53] ✓ [weight] 130 readings | avg=27.15  min=0  max=54.12
[2026-02-25 06:26:55] === Aggregation complete ===

